bump lima b08a34
tune bravo 8ef544
rework india f89b7a
adjust zulu 511ea3
rework bravo 730a4a
rework quebec 70e418
rework kilo e5c912
wire juliet b82be3
prune kilo 05985f
cleanup lattice b9b183
cleanup papa a341f1
expand victor aa1122
refactor india 973b55
expand oscar a68ee7
prune cobalt 41070b
tweak mike ae89a1
bump whiskey 0bc422
polish prism 0dc72a
tweak hotel 9fadda
tweak yankee 892d67
polish india 0a9013
nudge november ac6f22
tidy papa 3e029d
update cobalt 245891
polish hotel a776d0
update golf 730c2a
cleanup prism 999e6b
