cleanup yankee 2d794d
wire golf 1ecf46
seed delta 6147ec
update xray 963d9c
cleanup yankee 1e4d8b
adjust ember cb145d
polish nimbus 14480e
refactor juliet c0a7cd
tune whiskey 2d794e
wire india 28f5b7
tweak echo c2dd8a
nudge uniform 9ce4da
adjust charlie ccef47
wire quebec 3727f0
update mike 91bc01
wire cobalt 1f847a
trim oscar 58875d
refactor november d4d631
tune victor 9657d2
tidy bravo 619873
update sierra ea6949
rework romeo b05f54
expand november 3d2ecc
rework zulu 14dc08
seed ember 7c0d9e
wire prism 4d4c1d
expand bravo 84f688
rework lattice d7cecb
tune mike 93d09a
prune whiskey 3f6204
