bump romeo 59863f
cleanup whiskey 7c108b
trim lima ed3014
wire alpha c827c2
bump sierra 3444f6
wire nimbus d7c582
polish zulu 59779f
cleanup victor 951375
tweak xray da4d0f
nudge harbor 501af7
update xray aa48ee
trim mike b19fcb
seed yankee 24e2a9
expand ember d3ffe9
cleanup victor 12b62f
adjust quebec 27dd28
rework sierra 10aa1e
tidy papa 45a8b7
tweak romeo 22147d
wire whiskey 645909
update bravo 6a3d9a
tweak nimbus 350323
tune juliet 62ddb2
refactor solstice 7dcb03
trim india b0300d
trim tango 4559bf
polish solstice 03f373
