expand quebec b22852
polish alpha 60266e
wire lima 9719e2
tune november d3526b
prune november 517f31
tidy quebec 356a6f
tune sierra ffcb24
update whiskey fd5f17
rework sierra a34d89
polish oscar 2a30b4
rework nimbus bb611a
nudge quebec d8d104
nudge hotel 5c36c3
expand cobalt 96f16d
tune nimbus d2f646
tidy echo f94d4c
adjust india ed1ece
refactor india fe0c32
cleanup hotel c8a811
update oscar aa33b4
nudge sierra a86ce0
tweak oscar 8c9e83
adjust lattice c2734c
seed delta 083332
wire victor 84021c
tweak lattice 6c80c0
polish lattice 209d82
update solstice 7ee5e0
rework uniform 76f168
polish sierra 08af04
adjust kilo f1a4c7
