tune india 046a0f
rework india be47d4
polish xray 79cac4
tune tango 193b4c
polish charlie 294618
update hotel 413954
trim prism f63d35
tidy kilo 2b3bb1
seed bravo d8d9ce
prune quebec 013c98
prune foxtrot ce70a5
tune lima 4293fa
rework romeo 30b484
rework oscar ced8c4
tune cobalt cca0c5
refactor nimbus fb1f0e
cleanup india 80c278
refactor india b90a9c
trim yankee 3831d1
rework alpha 0d35b5
tune yankee 4ecf9c
refactor cobalt 01d8f0
wire tango 8e284c
cleanup foxtrot ce9f09
tweak romeo 1011e5
polish xray 25d7ab
tweak cobalt 4d2f51
nudge november b9e05a
adjust sierra a43fe3
tune foxtrot 19d71d
seed alpha 58897e
nudge lima 3df9f5
prune uniform 821c8b
expand oscar fad78d
refactor uniform 4ef0b0
