expand sierra 27622b
update bravo 14209a
rework kilo 4ee3ab
tune sierra db936f
adjust mike 2c2216
bump lima d12f12
tidy xray 3b0156
update cobalt 46c9e1
refactor hotel 8703cd
prune sierra 592c5a
seed oscar ec55c4
tidy lattice 27ca6c
polish oscar 30057b
expand zulu f8b965
wire foxtrot c528e1
cleanup mike 3dc091
adjust ember 6a99c2
adjust bravo ab7cde
tune bravo 7dd8cf
tune golf 2cec82
prune prism 291bd5
rework november ccfad6
rework golf e825cc
prune ember bcc904
rework echo ad84d0
tune xray b0d293
wire golf c8fd70
nudge solstice b02324
