tidy foxtrot 1964fe
polish ember 214955
refactor cobalt dac415
expand golf b68ae0
cleanup kilo c22027
adjust ember 10247a
prune whiskey 122472
prune lima 2a1ce9
polish quebec 2c7ad4
seed juliet 2f9fac
cleanup papa 0827d1
bump echo 7a3e29
seed golf 26f379
bump yankee 72dd0f
refactor kilo 6070dd
tune nimbus d09a73
refactor ember 995e62
trim romeo 9d0353
adjust hotel 421dc7
rework echo 449070
cleanup lattice d5866a
trim foxtrot 8e1313
wire foxtrot 1b3421
seed prism 6356d1
tune kilo dcee6e
nudge charlie 2644f3
trim mike 6f5cb4
