tidy victor 04325e
wire india b2f981
seed charlie 621275
nudge papa 0d98bd
adjust delta dfc0c0
refactor golf 07545d
rework hotel 6bce73
cleanup alpha fb8284
update delta e9a12d
seed nimbus 61c7f1
tweak hotel 06bd9f
bump sierra 85ede2
rework xray 84e409
rework juliet 44f6de
rework echo eff489
refactor foxtrot 5d1bcc
refactor nimbus ba8c10
tweak kilo f645c3
nudge zulu 3ed1a8
nudge mike 5a0e16
tune hotel 7b88bf
refactor lattice 7de014
seed lima 1a9b0b
bump charlie 867021
adjust solstice 62c27a
cleanup cobalt 7f29da
tidy whiskey 555c31
polish alpha 7eceec
tweak lattice 870938
prune bravo 2bc3e4
refactor ember 9c1dac
