trim papa e13087
tidy harbor 915bcc
refactor lima 62d9ea
tweak harbor ff4909
tweak foxtrot e6f43a
polish sierra 360a1e
nudge romeo b7e38c
seed sierra 895fc9
refactor juliet 122391
adjust zulu e54089
expand lattice 42b53e
bump echo 10122d
seed lima cda07d
prune mike 1296f6
rework alpha fda6cd
refactor hotel 4fed96
tweak november a4f012
refactor november 0d78d0
tweak whiskey b31bc7
adjust echo 2ebdfd
refactor xray 66a731
expand nimbus 3280eb
nudge victor 2f23f9
tidy juliet 2b8828
expand echo c9999e
polish victor ffeaff
tidy papa af5ce3
adjust quebec 676e7a
expand juliet 8a6138
tune alpha ac345d
prune alpha 1ff188
tidy mike c13cb9
rework whiskey 2dffc8
cleanup cobalt 8bdf32
polish victor a10140
trim india 8d364d
