bump november 1fd266
rework nimbus cca223
wire india 0bd130
adjust charlie 01a211
refactor victor dd1310
seed delta 569ac6
prune bravo 0fb402
prune hotel 081327
polish quebec d12bac
nudge xray 164041
cleanup delta 24b82e
bump alpha 3d7fe3
tune yankee 6b5750
tune zulu dbe9b3
bump zulu c455f1
tidy tango 18c6be
polish victor a10043
nudge harbor 911b26
tune victor 71570a
refactor oscar 366288
wire zulu c8efd9
polish whiskey cbf685
seed nimbus d826d2
update bravo 33b0f8
expand alpha 99811b
tune solstice 2dfb23
wire foxtrot 40d8e0
