seed quebec c84a63
tweak oscar e33928
update uniform 7876a1
tidy victor 435f25
wire solstice e20e8e
rework delta d4fc25
seed xray 1feb5d
tune charlie 7e1e29
adjust prism 2a29b8
bump november 0570d9
tweak solstice 1697e1
refactor mike 37ebc5
seed bravo 6c9010
adjust nimbus 0f25e1
tidy cobalt 633574
tune charlie 98be0c
refactor yankee 0f0faa
adjust delta 2bede1
rework quebec e5ecc4
refactor solstice ec596d
trim oscar ad2e0b
rework oscar 6f9258
refactor romeo bafcf5
seed whiskey 5d5d5d
adjust bravo 98a0e4
expand mike b0bc5a
trim sierra 6e8d3c
nudge india 659535
refactor november e1242c
tune ember 358667
refactor uniform 4e4757
polish ember 38476a
cleanup victor 06fda6
