cleanup ember 51128b
update november dfa998
seed alpha 3a9b3d
cleanup oscar 9bb575
nudge hotel 08fd7b
tidy sierra 0c86d9
adjust ember 3be9a7
update whiskey 02c25e
trim echo 2db349
tweak zulu e89800
wire bravo 8802bb
adjust solstice 0d4877
tweak quebec d83b33
tune uniform f90861
refactor mike ca1067
rework zulu 9a1971
wire mike 8bb216
update uniform 67733e
tidy xray 7e00ae
nudge solstice 56def4
seed harbor 2db6a0
bump tango 160f4c
tweak foxtrot 7a7823
tweak lima 48d4fa
wire alpha 075a78
update whiskey 9c57a9
adjust whiskey 35e43f
cleanup golf 96252f
cleanup cobalt 10713f
