cleanup tango c9e5ab
cleanup solstice def6e9
polish india 6987c1
polish kilo a42935
rework echo 2734de
tune lima dad241
tune india 3e6046
refactor romeo 5a34fa
nudge victor 95acf5
nudge uniform 19036c
wire yankee 970ce5
cleanup lattice 8af629
tweak papa 8dacd9
tweak sierra a14c74
refactor romeo d54db7
prune hotel b0a549
cleanup charlie 293c37
adjust ember 6f8240
tweak cobalt 18998e
tidy prism 6a9b51
tune xray 24cee7
tidy yankee cc77ce
polish papa 8582b4
tune prism 08be87
cleanup uniform 5d22f4
tidy ember 896028
tweak juliet f65ed1
