adjust victor b625ab
bump november 59de09
adjust lima 388706
bump uniform 4b30a7
prune xray f4ae71
nudge charlie 4ab837
cleanup nimbus ea58e0
refactor echo 2591a9
wire quebec c54611
polish ember f791fc
tidy tango c0e96d
tidy yankee 695c54
seed echo d4b3f0
seed uniform 601497
update golf 1c5794
wire cobalt 28642f
bump zulu b8aee0
seed november 4d937a
bump echo 44463e
nudge ember 8b6493
trim golf 5d72cf
cleanup foxtrot 5f35f6
tidy romeo 126b5c
expand papa 241c01
bump kilo 202dd7
cleanup zulu 3822c7
update papa 8889f0
refactor foxtrot e841a9
tidy tango c0fde9
expand quebec eb085d
bump oscar afa85f
prune nimbus d11218
update zulu 30610a
trim cobalt e61cbd
seed kilo 09881e
polish kilo 4b4c51
bump whiskey 5b01ef
nudge victor 77f4e1
update romeo 75ab52
