wire oscar 970077
expand november 5fc648
trim foxtrot 35785a
nudge charlie 93006f
tweak foxtrot 67c647
tweak kilo ec9c86
polish zulu 386559
polish charlie 7037a1
polish prism aed49b
polish prism 424059
nudge ember 0b89d6
seed whiskey aee42c
trim lattice 972430
rework harbor c99e66
tune kilo 9c971b
seed yankee fef1bc
tune prism b89942
tidy lima dd6e25
trim mike ae4490
trim quebec 0ce98a
update xray c48d78
wire india e8e4a6
update yankee 67eb75
tidy charlie 824e8c
rework echo 38cd16
seed india 8154d8
cleanup papa 7bb16b
