tidy mike 0286e3
expand echo c69bb6
bump papa 0c62c2
tweak cobalt 710959
rework foxtrot 6a31d2
tidy tango 58ec28
seed hotel 601f60
nudge juliet 8084ea
cleanup echo 887411
nudge papa 86c2fb
rework lima e4a96e
cleanup november 2d39a3
rework papa 203471
update harbor ccaa79
update ember dd4419
wire charlie 77e29b
refactor tango a52f0b
cleanup november def6e8
tweak victor 082986
trim papa 0d67ba
update victor 462bb8
trim papa 344f79
update oscar 2a7f94
cleanup alpha 281dde
tune mike ef094f
expand juliet d77027
