update harbor 156e5c
tweak oscar 03e248
wire lima 8e333f
tidy victor fb3598
cleanup bravo cfb6b4
expand solstice e75281
tune quebec ce712e
nudge whiskey 6e8c84
polish echo b3df00
bump golf 55e643
bump juliet 741ce5
expand foxtrot fc9638
tidy romeo 793501
trim cobalt 139bcd
nudge juliet ff307b
update charlie 216cb3
cleanup uniform f045fa
prune romeo 35cde8
seed charlie 98bbb4
adjust victor 54c033
rework oscar 1a0863
refactor lima 91d57a
update victor d59a0c
rework oscar 0b7952
tidy charlie d871d0
nudge zulu 85b5a9
refactor victor a795ac
polish yankee db440c
seed bravo bb0e58
rework romeo 8220db
tune whiskey 2a0d15
tidy charlie eaf86a
polish victor 10b576
tweak india 13988e
tweak alpha 487d62
refactor nimbus 3eda27
tweak xray d69d6c
update ember 91b2b2
adjust yankee 4ca72d
rework cobalt ceed80
nudge uniform abe456
trim charlie a99ff4
expand victor ba0339
tweak alpha f12ceb
