nudge mike 228a04
tidy oscar a76cbe
prune yankee 0ccd7a
tweak prism 91c960
update yankee dbc2aa
bump bravo 8a402a
update mike f225e7
wire romeo 2d592b
tune golf 6af8ff
tidy lattice f6d553
prune tango 118bce
bump cobalt d838bf
polish nimbus 6530ea
prune bravo c0a23c
cleanup ember 2e3a85
bump victor ae6149
tune india fdbcdc
tidy alpha f342e8
tweak solstice 17610b
refactor sierra 43a74b
wire alpha b4b0c0
prune yankee 9f22c8
trim sierra c3516e
tweak india 5997ef
cleanup echo ff76be
seed hotel b66ebb
adjust mike 08140c
adjust ember 515c68
