polish foxtrot bf0201
bump prism c60476
polish nimbus f835b6
polish tango c26df6
tune november 5190ef
tune solstice eed8ca
polish juliet 42d878
nudge alpha 7dedc5
prune charlie a88b2e
adjust hotel cb41ac
tune echo 5a376e
tidy november 10ca7d
update lattice 20726a
cleanup hotel 1c7dbf
adjust charlie 101b42
wire xray 9f78f0
refactor victor be3233
cleanup cobalt b225b8
adjust harbor e354b4
tidy lattice e50c6a
trim sierra a590e0
seed harbor 13631d
wire quebec 1b5ddc
tidy foxtrot 41b47f
adjust nimbus 682e19
