update cobalt 367416
tidy mike c73844
polish victor 20e00f
update november 7db5ef
rework delta eadb91
cleanup romeo fdfa37
tidy xray 93520a
rework bravo d918fd
seed kilo e0c1f7
seed november 587cbc
polish quebec ba8b7b
rework juliet 27ade6
nudge kilo 77ce87
wire solstice 4f4694
cleanup kilo c373b9
tune hotel f976f6
nudge foxtrot 2063e4
tune victor 59a01f
adjust sierra 757655
seed romeo f1eaa9
trim harbor bf3ce0
tidy cobalt 5aeba9
cleanup solstice ca9823
nudge yankee 692cfe
refactor victor ec5634
cleanup prism 7b7189
