adjust sierra 817ebe
bump foxtrot a401db
prune romeo f0416d
tidy victor 3e78e4
rework alpha 49b2da
prune harbor 3b1ce3
cleanup papa 6b7fd0
adjust tango 11e8e2
adjust juliet 45c18d
rework papa a12676
adjust mike b6adde
rework whiskey d9ca7c
cleanup cobalt 2701b7
seed kilo 5165ad
expand alpha 48f1c0
expand kilo 864d90
bump oscar 8d6327
polish mike 5b3f8d
seed uniform efd441
bump echo 1f8797
refactor victor c8499a
wire harbor e6b78c
rework india 4a7e20
tidy nimbus d48a82
tidy kilo 743cab
tweak yankee 695d9b
polish solstice c0107b
tune quebec 5120d0
tweak victor 6684bf
tweak quebec 60ee3c
trim lima f8afcc
adjust india 45b438
