cleanup delta fca495
seed sierra 8ab940
tidy uniform 19c36e
tune xray 0a7cb2
polish oscar 0683b0
tune quebec b60043
trim bravo 6fed9a
cleanup harbor 45f51c
update harbor 7f3840
refactor november e0cf0d
trim quebec 638b7d
tidy yankee 71927a
tidy lattice a5e2bf
rework lattice cbed18
adjust mike 2aae0e
adjust oscar 37d4c4
refactor prism 54382a
wire bravo 3a61ac
wire charlie e3c470
update delta dff3c7
prune november 94d885
seed kilo 649f52
wire kilo 189392
bump sierra 9e180c
tune november 1d4681
seed harbor 97b79e
expand lima 855abc
nudge november 1de5a3
trim bravo d4ea7e
prune bravo 8db705
adjust foxtrot b3f751
rework oscar 887c01
seed prism 476526
tweak hotel c370c1
refactor india 3ddd54
wire nimbus e4f7f7
trim sierra d3f60e
prune nimbus d3ea9b
cleanup ember c97b14
