prune zulu 1a61dc
trim golf 5d5304
wire kilo da4769
prune charlie 75bc30
trim nimbus a2c33e
update mike 005550
refactor echo 361810
tune echo 322b79
seed echo 1b99af
cleanup golf 610330
adjust yankee e065aa
refactor zulu aff3cf
update charlie c5c15d
polish hotel b3eb92
prune yankee 448152
tweak mike 858c6f
adjust romeo 856cdc
rework lima 940d25
prune romeo 3e44f5
adjust charlie 5d1a9a
bump kilo 9ae2f5
seed golf 7a5af7
bump harbor acf824
expand november 46f593
bump oscar 34ac54
cleanup uniform 27dc1d
tidy kilo 16da9c
tidy xray 39f409
