cleanup golf 586cdc
tidy whiskey 826145
prune zulu 11a52b
refactor whiskey 1863cd
tidy yankee a369c1
bump charlie beb260
trim golf b8049e
rework sierra de276e
expand charlie 64639b
trim oscar 12f394
tune harbor c47751
wire uniform 8411c9
refactor echo aa5ec4
expand yankee 6bcecc
expand romeo 3bf129
cleanup zulu f21d68
wire zulu 0b5dac
refactor bravo a3ebd7
refactor kilo 0f4184
trim alpha ab259b
tidy lima 764b81
bump tango c13350
seed ember 9d19ad
tune ember a44a66
cleanup xray ccf622
tidy ember fd55b0
cleanup quebec 5ca0bc
refactor nimbus ca6c8e
seed ember 3855a2
polish quebec 47ab3d
expand harbor 89d937
