seed juliet a33a57
tidy victor bf8860
seed quebec fdb570
polish lima ef1511
polish papa e223a9
tweak uniform dfabe6
rework solstice 5a7e46
adjust yankee 09d1c1
expand hotel 193491
trim yankee e741cf
prune juliet ef4c32
refactor alpha 69ca2b
polish prism 4a3c61
polish yankee fcdab7
prune yankee 75548c
update delta 74e66e
seed kilo 44642a
tidy cobalt 89128e
tune mike 7cca99
refactor oscar a90a07
seed victor 947d7a
wire sierra 37217b
wire echo 333dce
tweak quebec 6d9a76
rework nimbus f18ee6
refactor harbor f27d05
polish cobalt 21140a
wire alpha 7ce0b9
update quebec 8a8433
nudge lattice e43299
tidy juliet 6a92c8
update solstice 652185
tidy solstice d1ab78
tweak kilo 193842
