bump prism f53442
trim romeo ee2d1b
nudge harbor 463b8b
tune kilo f00efc
tune whiskey ceb384
bump echo 29471f
wire india c023ef
seed oscar 7fa9fe
wire juliet 7aa962
bump juliet 88da00
nudge whiskey 880e2d
refactor echo aff79d
prune lattice bdfc2b
seed kilo 6fbb6b
tune sierra 2bc8db
seed yankee 591bc5
tweak sierra 076b56
wire nimbus 32fa4a
expand lima 6e802f
nudge lima b78a4b
seed juliet bd3ace
refactor alpha 109ed0
expand sierra d1959f
update juliet 0566fd
prune tango 26d1a8
bump delta 699adb
adjust sierra dc2555
prune sierra 6ee857
polish solstice 45ae7f
