trim papa 3b4e3a
refactor mike 7ff556
tweak oscar 9d7d5b
rework zulu ef4a58
adjust cobalt c77f03
trim bravo a8f40c
polish november 362490
tune kilo 4d1080
adjust yankee 1a462b
tune november fd0107
refactor bravo c2d829
cleanup charlie d7f12d
expand alpha 6aca49
seed juliet d02672
nudge sierra e41562
expand solstice 9d646b
prune solstice 839f57
refactor uniform 9051fa
cleanup bravo a78041
bump nimbus ff270e
seed xray 44f15a
wire charlie 4134ab
polish lattice 4da009
tidy oscar d922fd
rework november 161589
tweak echo 3acb30
cleanup november a42dfe
cleanup romeo 84ec0d
seed oscar 140859
tweak oscar f0ad69
