expand cobalt 49300a
polish ember 242a78
cleanup yankee 032936
expand alpha 69f986
polish echo 8d5180
seed charlie 970474
tidy cobalt 65ebba
update india dee82a
bump cobalt abcb29
expand romeo 2a1af4
tidy golf a80a78
tweak papa 5b39d8
tune romeo 2fbe3b
polish uniform c0651f
tweak tango 9b40d2
trim sierra 134956
prune november 6b2deb
nudge mike 18e005
tidy zulu 5337da
rework charlie 808b3d
expand golf 29a472
cleanup quebec a8362f
tune quebec d8897d
tune sierra 028f6b
seed uniform 538222
cleanup sierra 0d554d
cleanup whiskey 91557c
expand india 18031a
seed harbor a31c1f
wire oscar d2af2f
cleanup mike d24e68
tidy zulu daed0c
wire tango e20f23
trim ember 65bdff
polish sierra 3b73c2
nudge alpha f5f64f
rework sierra 3e0e5a
polish zulu d0fd17
tidy nimbus 90afab
tidy papa 957468
tweak delta c1100d
tune bravo 7c9129
tune romeo ab5612
expand victor db0f9f
tidy solstice e30746
update bravo 0ce504
prune tango de2ea1
trim yankee 1a7880
update zulu cc50f4
