refactor quebec 2a8c84
trim india 755d8c
expand yankee 356c02
rework sierra 5f3d75
bump papa a8dd42
trim kilo 66fdc4
expand juliet fefe25
update oscar df230c
tune harbor 58bb09
adjust quebec 22fd37
prune harbor d97a0b
update bravo 09ef1a
update ember 5b7124
cleanup tango 57a500
cleanup victor 28a685
polish india 0d393b
tweak xray 2d3a04
expand oscar d068b4
bump india a3f959
trim lattice 8a9185
seed juliet bf8d34
rework sierra eb6d61
update xray 65ac50
nudge sierra 44328f
tune victor 34c703
cleanup alpha 4c7982
