prune lattice 7f2feb
tune ember d7d027
update india e5a0fc
tune bravo f32d6d
tidy juliet e36a91
trim cobalt 082512
tune lima 970303
wire whiskey 1e9571
update ember 4bb67e
nudge xray 3e1d6e
polish juliet c07fed
prune ember 932d48
rework ember 222d71
wire papa 7f2d93
prune whiskey 6ff2bf
wire uniform 402749
tidy romeo bb3633
refactor kilo c9a84a
nudge november 6ea891
bump prism 95ee03
wire sierra 2ce31f
cleanup ember 6a71f5
tweak harbor d48ce2
expand zulu dd0d9a
tidy november 62b048
rework sierra 0167c4
trim sierra 55af7c
tidy xray 54ce4f
wire hotel 315e87
tune november 42bd83
tune charlie dd2c2d
adjust tango a3acbb
prune xray c487c5
refactor whiskey c01fe5
