nudge whiskey 12e5ec
expand nimbus 2bccaf
prune papa b85c4a
cleanup yankee c428e9
expand hotel 14be80
tune juliet 1cbc13
bump juliet 38e111
refactor xray 459625
prune lima 4d9009
expand alpha c87d05
expand papa b38ad7
expand romeo 3b2c9d
update sierra 08494b
nudge echo de882a
tune romeo 21e8bf
tune whiskey ce3263
rework delta 90b476
update tango 2f2578
update juliet 1ae0a1
rework xray db4230
polish kilo d3c170
prune yankee 543efb
wire november a94bf1
cleanup bravo 13095f
tweak uniform 218a41
seed alpha 8fd310
