expand lima 9d0e47
bump november a7cb7a
rework harbor 7bf7cf
seed lima b1e000
tune bravo 8258ef
seed charlie 2d4d45
trim tango 02e6a3
polish ember 8ac4bf
cleanup sierra e1ebc4
expand romeo f8086c
tweak quebec 6634a0
trim golf dc951f
update foxtrot de0de6
seed romeo 491849
trim bravo b826c8
trim ember f518dd
expand prism be7b4f
tweak charlie a13264
nudge charlie 86d1e1
tweak harbor d8b463
cleanup papa 6cc914
cleanup prism 203339
refactor uniform 9f467f
tune romeo b496e5
cleanup november ccd5be
nudge tango 6b8be3
rework november 786104
expand golf 129f0e
nudge quebec de5de3
seed uniform e74c5f
