prune lattice fadb46
rework hotel a82905
cleanup sierra 383bc8
seed whiskey 39c54b
polish tango 011865
tune victor af0358
expand whiskey f540c3
expand whiskey d3aa0a
wire kilo 6304e9
prune kilo e26ae8
bump juliet 9c5d46
bump mike b4b0a7
rework alpha 1773d4
trim solstice 04a6e3
update uniform d50948
wire ember c2cc8c
tune harbor 92f35b
tweak yankee 6ddc25
bump bravo 5586b5
adjust delta f92ffc
tune alpha 0de900
tune mike 5f62fa
bump cobalt c86165
tidy oscar d21ba0
tweak whiskey a45865
expand romeo 739028
