rework prism 22ccdf
tune bravo d1f503
seed delta 8f5759
bump oscar 205418
wire sierra 4a890e
rework prism 7e692c
update solstice 3a06eb
cleanup tango d8093b
bump uniform a78c78
expand ember ac1a11
update whiskey 1717df
adjust november 4ac5c3
refactor juliet 47f4a7
trim cobalt 9a6df2
nudge juliet c96af8
nudge solstice 2d4287
bump quebec cc5040
tune hotel f61da3
bump alpha c80671
seed tango 76b6d7
seed nimbus a6fbc3
polish echo 63b7a7
refactor uniform 291746
polish prism ec324a
tweak whiskey 49835b
cleanup nimbus 1908b1
