seed delta 528353
update india 05e323
refactor quebec a5e854
adjust lima 725e64
update whiskey 9ff4fd
tidy foxtrot 5d5cf7
tidy sierra a4f089
rework cobalt a1581d
tweak whiskey 999d5f
cleanup cobalt e3539f
wire lattice 263eab
rework zulu f3a5e4
tune mike 908a31
expand victor ab4415
cleanup sierra 6859b3
polish foxtrot 68b9bc
adjust cobalt 2f0c76
tune papa c9574f
trim oscar eae94a
update papa 7f3a24
seed yankee 0ed9d1
update romeo b0b1fd
wire hotel 5d67ad
adjust sierra 78506d
tidy india 8a5c6d
wire kilo e0d9f8
rework solstice 641296
