cleanup charlie c321bf
tidy november 15b378
rework golf 95c018
update papa 67a188
adjust mike 2fbf1a
trim india 4a24ad
tidy golf a8e265
nudge alpha 23ba26
nudge sierra d077f4
tune bravo ad22d6
prune nimbus ec1e71
refactor quebec 78cbef
bump papa 577bcf
polish delta a01ee0
polish tango 57b3da
tune hotel fb7f2a
tweak alpha 6f6879
tidy sierra 41c30f
wire solstice c65eb1
seed lattice 199c1a
expand india d825e8
tidy quebec 1078b9
tidy kilo 4dc754
update victor 820924
nudge victor 3ffc02
rework juliet d05159
expand zulu 43f58c
