nudge uniform 198df9
tidy yankee e7a6bc
adjust kilo 97e011
tidy bravo 7a33b5
wire nimbus e40d1f
rework xray fd2a3d
update alpha 748568
tidy zulu d4f6a4
cleanup zulu a69725
tidy uniform 3a2386
nudge yankee c1d6b7
seed ember edf791
rework uniform ed62de
trim solstice cbe9a3
polish mike 40ee53
tidy oscar 26454a
tune bravo 865be5
rework hotel 1dc450
refactor whiskey 6df320
update papa d00900
cleanup zulu 421054
prune papa 2fe958
bump lattice 4a62db
rework foxtrot 345628
rework mike 9f6623
tidy sierra 59fb18
