adjust quebec e86dba
trim zulu 791c86
update november fce948
wire cobalt 448473
refactor solstice 8cda9b
polish harbor e0695e
seed uniform dad595
trim charlie 1f894d
update harbor 54406e
expand nimbus 62ef3b
wire nimbus 970a05
polish victor 175622
seed echo aebf77
refactor golf da3821
trim echo d92270
rework delta 7ca4b6
tidy xray 16ab1a
update juliet d13e40
wire victor d51ce6
rework hotel c7332c
cleanup uniform 668f0c
prune november d72e80
cleanup yankee 778751
tune uniform 1f7e95
bump charlie 437564
wire november 7ccfff
cleanup lattice 961514
polish india 7b5f08
