bump tango 4fec17
wire oscar 00e960
tidy india 16d41c
update yankee 7304ee
polish victor 2ef622
tweak echo ac56ae
prune cobalt 4ff3a0
expand charlie 5b6132
tidy lima b1306e
tidy cobalt e1a7f8
cleanup zulu 9d9359
tidy harbor 1218f3
tweak mike e71efc
wire charlie 74d4b5
trim foxtrot fa5e91
rework cobalt 07feac
cleanup romeo eae6d9
seed alpha 6ba284
refactor cobalt fe26be
update solstice ca4572
tune zulu 8ae01b
seed uniform 67bba4
polish juliet a682ec
seed uniform d876b6
prune prism 7ffd01
rework charlie 8b6401
cleanup oscar 426c20
refactor foxtrot 49ecc9
prune solstice c111b7
rework foxtrot cbb2a0
