update solstice c7a967
tweak papa 1e5e2d
trim november 96e147
seed lima 51f7fd
polish cobalt f3c740
refactor oscar cedbe3
expand xray cea011
tune bravo 88bab5
seed foxtrot 1a2149
polish oscar 462f2d
tidy sierra 539d05
cleanup quebec cd2afa
update charlie a88526
refactor hotel e0ed50
rework lima 3dd2d1
refactor lattice 4327e0
bump nimbus 6141d2
trim nimbus b4e789
trim golf 9cf513
tweak echo b4d9b6
rework xray fc1fb7
polish foxtrot 8d8771
refactor cobalt 47ea8b
cleanup sierra de2070
refactor zulu 9fee97
rework charlie 9e41e4
prune victor 04b53c
