rework victor 2d4f76
cleanup uniform 89f90c
tune bravo 1492d0
tweak yankee 1d5b18
tune uniform 1c98ee
tidy echo 0f0341
cleanup lima 7af634
expand golf 3efb73
seed charlie 25bd5f
refactor xray e07477
seed xray b5a72d
prune zulu 9fce6c
tweak quebec 212d7f
tune papa f7d446
update solstice 39300e
polish solstice f25f76
trim oscar c0dfe1
rework romeo b764ce
adjust oscar 43aeac
wire bravo 33559d
wire quebec 1fede3
tweak victor 3adf6b
wire whiskey 8a5025
expand whiskey 844868
rework charlie 0110a4
expand foxtrot 84c803
