adjust romeo 410938
polish whiskey df73bb
adjust prism 5e6e93
update yankee 85d286
tune xray 065cac
tidy alpha 30cf01
bump foxtrot bfe521
bump bravo 242cb8
rework mike 19b500
cleanup bravo 097f03
adjust mike ac186f
update sierra 27654b
adjust quebec 579367
seed oscar 556b6d
seed solstice 74a0e9
polish papa 224fd6
tweak echo 02e3af
adjust lattice d00bc1
cleanup echo ad5d78
cleanup romeo 076915
rework harbor fdbe04
wire romeo b38f4f
wire xray 1ee13e
prune india b09299
wire bravo 98d477
cleanup alpha e211fa
polish zulu 0f9568
cleanup cobalt 3ebb5b
