tweak tango 752bc1
prune prism d60798
bump tango efb1e1
trim papa 0a76c7
trim tango 35813c
bump charlie 543c60
polish charlie 61a9fa
refactor solstice f95cd5
rework november ad073f
nudge juliet da1d38
tweak tango 2a0212
refactor alpha 60b3c7
rework juliet a4b9c3
tune quebec 9edf4a
cleanup zulu 566034
refactor oscar e18742
bump oscar 4b40e9
wire prism 2ae2bc
wire nimbus 42a021
update golf e827c1
prune india 1cedac
wire bravo dfaeed
update echo 7be785
tweak ember f842c6
tweak romeo c02231
nudge november 0c10a6
adjust juliet 9d5799
refactor oscar bdb233
wire lima c2b6e0
