tidy cobalt 30436a
prune quebec 77e910
tweak romeo 05e71b
wire golf 703ae8
polish echo 643241
polish xray b8e2ce
nudge quebec c27d12
seed papa 7b8b23
bump prism cd45b8
prune alpha 9df19b
seed lattice e25f8b
cleanup foxtrot 15c875
tweak whiskey a5a99d
tidy november 04ddfc
tune india 9070da
expand yankee f89f0d
nudge zulu fd5491
prune hotel 246d72
rework oscar deb955
cleanup hotel 24b328
rework india 33302b
polish ember 9cb1ad
seed lattice 199287
tune papa 58b810
update golf e62697
tidy tango 325469
cleanup golf b03737
seed charlie 956b91
update solstice 4bbfab
tweak harbor f462bb
update mike c45e2f
