trim sierra a93e5a
adjust tango 3076e1
wire foxtrot 92e94f
tweak bravo bac614
update bravo 919809
cleanup mike f981c7
adjust charlie b1698c
adjust nimbus 437933
expand harbor 102211
tune ember a9f59f
expand zulu 69ba16
tweak sierra 725a81
prune hotel 6f88c0
tidy romeo 729b85
update golf 558d8e
tweak india c06c06
tidy whiskey 283522
refactor november 177188
adjust oscar b4eab7
tweak charlie 4c4366
cleanup quebec 53792b
expand delta 5d6138
rework oscar f98d13
polish golf a397cd
tweak papa d36994
tidy cobalt 71dcb7
prune india 106a3b
seed solstice 90484c
rework victor 5b4d6a
