adjust cobalt 83e71a
tidy xray 1e3247
refactor papa 570ff1
update golf b854b7
adjust solstice 53cde1
update solstice fa35e7
rework xray 028f20
nudge whiskey f5a75c
tidy uniform bda092
prune charlie 0a637f
wire victor 5d8bfb
adjust yankee 182242
bump victor b2e4f3
seed delta 864cad
tidy uniform 847d8c
seed bravo b971a4
expand alpha 9c2a95
prune golf 35af8a
cleanup oscar a615e2
refactor foxtrot d7d15e
update uniform 467d9e
wire delta 00883b
prune echo 6ad17c
tune tango 022d41
wire xray b0e307
wire oscar a1269a
nudge quebec 57ab03
rework whiskey 80ffa4
tune november 2af45f
tidy tango 102789
rework uniform b1e1d0
wire solstice 9af275
nudge bravo 95c606
rework ember d728f4
refactor papa 97a95b
trim uniform b7c07e
polish prism baaa16
tune prism 470325
