seed xray 63319d
rework alpha 412b1c
trim ember 26b9af
refactor hotel 1d9534
adjust delta 24de9d
expand nimbus c4d046
tune harbor 66abbd
expand lattice 307b03
update alpha 63b0bc
adjust bravo 158a30
tidy yankee c21cfe
tweak victor 3b0f74
wire cobalt bd66dc
tidy lattice d5fa2d
cleanup sierra 706ca2
adjust tango 147c9c
trim romeo 7dc0c1
tweak charlie 9bad93
nudge solstice 8bc1a1
refactor charlie 4bd3f8
prune tango 51bf9a
cleanup kilo 3a893e
seed harbor 12a698
expand sierra f55f82
cleanup india 8a394c
nudge golf 615461
nudge zulu 1b6274
prune uniform 02fc90
nudge whiskey bf9046
wire india 330fa0
prune romeo 14b91b
